{
  "matchInfo": [
    {
      "statVar": "Count_BirthControlEvent_IUCDInsertion",
      "statVarName": "Total IUCD Insertions done",
      "score": 1,
      "explanation": "Full match on: "
    }
  ]
}