{
  "matchInfo": [
    {
      "statVar": "Count_Establishment_NAICSArtsEntertainmentRecreation",
      "statVarName": "Count of Establishment: Arts, Entertainment, And Recreation (NAICS/71)",
      "score": 13.9322,
      "explanation": "OR query: [mp] [count] [pt] [USCEstablishment] [naics] [NAICS/71]"
    },
    {
      "statVar": "Count_Establishment_NAICSArtsEntertainmentRecreation_WithPayroll",
      "statVarName": "Count of Establishment: Arts, Entertainment, And Recreation (NAICS/71)",
      "score": 13.9322,
      "explanation": "OR query: [mp] [count] [pt] [USCEstablishment] [naics] [NAICS/71]"
    },
    {
      "statVar": "WagesAnnual_Establishment_NAICSArtsEntertainmentRecreation",
      "statVarName": "Wages Annual of Establishment: Arts, Entertainment, And Recreation (NAICS/71)",
      "score": 13.9322,
      "explanation": "OR query: [mp] wagesAnnual [pt] [USCEstablishment] [naics] [NAICS/71]"
    },
    {
      "statVar": "Count_Establishment_NAICSArtsEntertainmentRecreation_WithPayroll_ExemptFromFederalIncomeTax",
      "statVarName": "Count of Establishment: Arts, Entertainment, And Recreation (NAICS/71), Exempt From Federal Income Tax",
      "score": 12.8735,
      "explanation": "OR query: [mp] [count] [pt] [USCEstablishment] [naics] [NAICS/71] taxStatus ExemptFromFederalIncomeTax"
    },
    {
      "statVar": "Count_Establishment_NAICSArtsEntertainmentRecreation_WithPayroll_SubjectToFederalIncomeTax",
      "statVarName": "Count of Establishment: Arts, Entertainment, And Recreation (NAICS/71), Subject To Federal Income Tax",
      "score": 12.8735,
      "explanation": "OR query: [mp] [count] [pt] [USCEstablishment] [naics] [NAICS/71] taxStatus SubjectToFederalIncomeTax"
    }
  ]
}