{
  "matchInfo": [
    {
      "statVar": "Count_Person_Female",
      "statVarName": "Population: Female",
      "score": 1,
      "explanation": "Full match on: mp count pt Person gender Female"
    }
  ]
}